{
    "reconst - dtimetrics_with_b0mask": {
        "content": [
            "test__fa.nii.gz:md5,57c27586c58b0c17642da8ee4dce4905",
            [
                "versions.yml:md5,609a8b62c7dc862692683ec5860ba677"
            ]
        ],
        "meta": {
            "nf-test": "0.9.0-rc1",
            "nextflow": "24.04.4"
        },
        "timestamp": "2024-08-15T17:21:38.843739"
    },
    "reconst - dtimetrics": {
        "content": [
            "test__ad.nii.gz:md5,a58d00f56b244d2dadf36dc3ca107baf",
            "test__evecs.nii.gz:md5,1f0b3f16c099961c77cabad89ef654a4",
            "test__evecs_v1.nii.gz:md5,8452e9682d9bed70e03fc5aac1e797fb",
            "test__evecs_v2.nii.gz:md5,baaef2a18b47235d5242eac3864dc394",
            "test__evecs_v3.nii.gz:md5,06859c4584219101fa4c0a7e7304609e",
            "test__evals.nii.gz:md5,835364e68bc7a1ff1ffc4165f2b8d467",
            "test__evals_e1.nii.gz:md5,e3d70ed7541b10ddd189efa33ef95d0a",
            "test__evals_e2.nii.gz:md5,7d4373e087766f1f4237f7bde71daced",
            "test__evals_e3.nii.gz:md5,a12b01745cbc0f81432ac013c1c0cdf0",
            "test__fa.nii.gz:md5,57c27586c58b0c17642da8ee4dce4905",
            "test__ga.nii.gz:md5,e8ac48f3def794c43674c49e5407474c",
            "test__rgb.nii.gz:md5,fb4cffe445155a214699e3a1a0f0d419",
            "test__md.nii.gz:md5,5e47369c67dcdeb641f43bd68b8ffb99",
            "test__mode.nii.gz:md5,65c3882e2ac59a22fb52e1d346eef8c2",
            "test__norm.nii.gz:md5,d98d909cb5736383918caad97d9309d4",
            "test__rd.nii.gz:md5,14de511a4e5c457b449838a80b3461f1",
            "test__tensor.nii.gz:md5,68589fbe9506f1e6386d04f42bbad338",
            "test__nonphysical.nii.gz:md5,0441a15a0c226a11c1c9ea45fe414bfd",
            "test__pulsation_std_dwi.nii.gz:md5,d06f08daa5efa658ee795f67af96f365",
            "test__pulsation_std_b0.nii.gz:md5,72ab24ac69562462c1434aa9d82f0b99",
            "test__residual.nii.gz:md5,e651d2b66aab6140389d21e5bb845561",
            [
                [
                    {
                        "id": "test"
                    },
                    "test__residual_iqr_residuals.npy:md5,58dfe3925469668723c16dc37f5c787c"
                ]
            ],
            [
                [
                    {
                        "id": "test"
                    },
                    "test__residual_mean_residuals.npy:md5,8a3c812ebbfc15b5242918d287659bf0"
                ]
            ],
            [
                [
                    {
                        "id": "test"
                    },
                    "test__residual_q1_residuals.npy:md5,2790db91a0e7727358dd2aaccb887983"
                ]
            ],
            [
                [
                    {
                        "id": "test"
                    },
                    "test__residual_q3_residuals.npy:md5,15c3d97be583a3e39bad3731aaea082d"
                ]
            ],
            [
                [
                    {
                        "id": "test"
                    },
                    "test__residual_residuals_stats.png:md5,bb819c98e3c98a8cd74cb1e79ae044d5"
                ]
            ],
            [
                [
                    {
                        "id": "test"
                    },
                    "test__residual_std_residuals.npy:md5,15fac15e7543f321a7d3a451e45563c5"
                ]
            ],
            [
                "versions.yml:md5,609a8b62c7dc862692683ec5860ba677"
            ]
        ],
        "meta": {
            "nf-test": "0.9.0-rc1",
            "nextflow": "24.04.4"
        },
        "timestamp": "2024-08-15T17:21:03.02886"
    }
}