{
    "reconst - dtimetrics_with_b0mask": {
        "content": [
            "test__fa.nii.gz:md5,68bd3b95605d03429cbbfb3544ba7ff9",
            [
                "versions.yml:md5,609a8b62c7dc862692683ec5860ba677"
            ]
        ],
        "meta": {
            "nf-test": "0.9.0-rc1",
            "nextflow": "24.04.4"
        },
        "timestamp": "2024-08-15T17:50:54.032182"
    },
    "reconst - dtimetrics": {
        "content": [
            "test__ad.nii.gz:md5,c8d5cadb145aae81cf9ef95db2d22a46",
            "test__evecs.nii.gz:md5,2e88c090d4ad349641fa72176c64d8f9",
            "test__evecs_v1.nii.gz:md5,20cfd60c0755056cc8909f7dc288dd51",
            "test__evecs_v2.nii.gz:md5,414260864c6b23a4f26970adf8e86f5a",
            "test__evecs_v3.nii.gz:md5,e51b3f7c1e939fce97bb79d44e0761dd",
            "test__evals.nii.gz:md5,5b3eaa557edeead1620c9d52ff48fd2a",
            "test__evals_e1.nii.gz:md5,c8d5cadb145aae81cf9ef95db2d22a46",
            "test__evals_e2.nii.gz:md5,5d07fd5ce721b0d3a8b5542a37aec835",
            "test__evals_e3.nii.gz:md5,7f7189fb4dd52e70a4b16adbc1c7f2a1",
            "test__fa.nii.gz:md5,68bd3b95605d03429cbbfb3544ba7ff9",
            "test__ga.nii.gz:md5,32f005c8f468d3043cb04eed039e8537",
            "test__rgb.nii.gz:md5,e06b9bb152b2bcc6f63fc5aaa4c32647",
            "test__md.nii.gz:md5,1223f122e7fe97c83337b6753d314e1c",
            "test__mode.nii.gz:md5,ad958ceb675de01ed397ca348b914032",
            "test__norm.nii.gz:md5,3eae3f59ce40c930b7e2fa8dec05e9f3",
            "test__rd.nii.gz:md5,69036e55da688625dbc54c71fe88b495",
            "test__tensor.nii.gz:md5,8623a180ce5e393e37355435efa71771",
            "test__nonphysical.nii.gz:md5,0998e630d2c33fbf296de4c7b46c9708",
            "test__pulsation_std_dwi.nii.gz:md5,827c13326ec6b312746a0f85d1a8eb0a",
            "test__pulsation_std_b0.nii.gz:md5,f5847a9a9a7507c9fe245cdf4a8bdb43",
            "test__residual.nii.gz:md5,e54198d7519617dd239a4c8be202df28",
            [
                [
                    {
                        "id": "test"
                    },
                    "test__residual_iqr_residuals.npy:md5,58dfe3925469668723c16dc37f5c787c"
                ]
            ],
            [
                [
                    {
                        "id": "test"
                    },
                    "test__residual_mean_residuals.npy:md5,8a3c812ebbfc15b5242918d287659bf0"
                ]
            ],
            [
                [
                    {
                        "id": "test"
                    },
                    "test__residual_q1_residuals.npy:md5,2790db91a0e7727358dd2aaccb887983"
                ]
            ],
            [
                [
                    {
                        "id": "test"
                    },
                    "test__residual_q3_residuals.npy:md5,15c3d97be583a3e39bad3731aaea082d"
                ]
            ],
            [
                [
                    {
                        "id": "test"
                    },
                    "test__residual_residuals_stats.png:md5,bb819c98e3c98a8cd74cb1e79ae044d5"
                ]
            ],
            [
                [
                    {
                        "id": "test"
                    },
                    "test__residual_std_residuals.npy:md5,15fac15e7543f321a7d3a451e45563c5"
                ]
            ],
            [
                "versions.yml:md5,609a8b62c7dc862692683ec5860ba677"
            ]
        ],
        "meta": {
            "nf-test": "0.9.0-rc1",
            "nextflow": "24.04.4"
        },
        "timestamp": "2024-08-15T17:50:32.274594"
    }
}