{
    "reconst - dtimetrics_with_b0mask": {
        "content": [
            "test__fa.nii.gz:md5,404ff0458fba0083e968b9b25d540353",
            [
                "versions.yml:md5,609a8b62c7dc862692683ec5860ba677"
            ]
        ],
        "meta": {
            "nf-test": "0.9.0-rc1",
            "nextflow": "24.04.4"
        },
        "timestamp": "2024-08-16T14:16:50.514553"
    },
    "reconst - dtimetrics": {
        "content": [
            "test__ad.nii.gz:md5,af32c0a2801ebae2fc7eeebc6d22f198",
            "test__evecs.nii.gz:md5,1bd25d939b9731b63cfc59cfd6eff8da",
            "test__evecs_v1.nii.gz:md5,b1c06784689f269e47a7dc8caccd34d5",
            "test__evecs_v2.nii.gz:md5,5b6103aca8b915bdbeea76174495cb63",
            "test__evecs_v3.nii.gz:md5,3b485184084255670ed3fde3c07b42e0",
            "test__evals.nii.gz:md5,5ccd61d6cb28c53dc044809bec7938ea",
            "test__evals_e1.nii.gz:md5,af32c0a2801ebae2fc7eeebc6d22f198",
            "test__evals_e2.nii.gz:md5,19e4e228cc9fcc5af05c96b8fe3aad9b",
            "test__evals_e3.nii.gz:md5,b0e46a77b0aaf4cfe479f80870537561",
            "test__fa.nii.gz:md5,404ff0458fba0083e968b9b25d540353",
            "test__ga.nii.gz:md5,c7af24254dc2bbfc92c139b578de5c44",
            "test__rgb.nii.gz:md5,712ac5804b0b7cf2c3bb5ca5c823d960",
            "test__md.nii.gz:md5,7ba0afc441260ea016fe6c6d16ccd582",
            "test__mode.nii.gz:md5,1bdd005b193ddf8355e5dfc3ef365aad",
            "test__norm.nii.gz:md5,e80d6218a7c60ec651e329e2022f5330",
            "test__rd.nii.gz:md5,b2739daaf046ade817b48fbaa2365fd3",
            "test__tensor.nii.gz:md5,d4259bed21ec595e669964b7dc776af9",
            "test__nonphysical.nii.gz:md5,fed15a96e9963866d0b62884f5f50e8c",
            "test__pulsation_std_dwi.nii.gz:md5,0c4ffca798921a55c81d71304239f315",
            "test__pulsation_std_b0.nii.gz:md5,487587c571efac4bcccc10356d9ce19b",
            "test__residual.nii.gz:md5,fbb88467b899ae89704c2145138debb4",
            [
                [
                    {
                        "id": "test"
                    },
                    "test__residual_iqr_residuals.npy:md5,58dfe3925469668723c16dc37f5c787c"
                ]
            ],
            [
                [
                    {
                        "id": "test"
                    },
                    "test__residual_mean_residuals.npy:md5,8a3c812ebbfc15b5242918d287659bf0"
                ]
            ],
            [
                [
                    {
                        "id": "test"
                    },
                    "test__residual_q1_residuals.npy:md5,2790db91a0e7727358dd2aaccb887983"
                ]
            ],
            [
                [
                    {
                        "id": "test"
                    },
                    "test__residual_q3_residuals.npy:md5,15c3d97be583a3e39bad3731aaea082d"
                ]
            ],
            [
                [
                    {
                        "id": "test"
                    },
                    "test__residual_residuals_stats.png:md5,bb819c98e3c98a8cd74cb1e79ae044d5"
                ]
            ],
            [
                [
                    {
                        "id": "test"
                    },
                    "test__residual_std_residuals.npy:md5,15fac15e7543f321a7d3a451e45563c5"
                ]
            ],
            [
                "versions.yml:md5,609a8b62c7dc862692683ec5860ba677"
            ]
        ],
        "meta": {
            "nf-test": "0.9.0-rc1",
            "nextflow": "24.04.4"
        },
        "timestamp": "2024-08-16T14:16:33.389255"
    }
}